../Core/Src/dynamixel.c:17:31:bus_for_id	16	static
../Core/Src/dynamixel.c:23:13:bus_begin	24	static
../Core/Src/dynamixel.c:31:6:Dynamixel_begin_right	24	static
../Core/Src/dynamixel.c:32:6:Dynamixel_begin_left	24	static
../Core/Src/dynamixel.c:34:6:Dynamixel_onDmaRxComplete	16	static
../Core/Src/dynamixel.c:42:20:setDirPin	16	static
../Core/Src/dynamixel.c:46:6:Dynamixel_setDirPin	16	static
../Core/Src/dynamixel.c:53:6:Dynamixel_transmitPacket	328	static
../Core/Src/dynamixel.c:73:6:Dynamixel_receiveStatusPacket	32	static
../Core/Src/dynamixel.c:91:6:Dynamixel_readByte	48	static
../Core/Src/dynamixel.c:102:6:Dynamixel_write	64	dynamic
../Core/Src/dynamixel.c:109:6:Dynamixel_torqueOn	24	static
../Core/Src/dynamixel.c:110:6:Dynamixel_setOperatingMode	16	static
../Core/Src/dynamixel.c:112:9:Dynamixel_getPresentPosition	40	static
../Core/Src/dynamixel.c:122:6:Dynamixel_SyncWrite	136	dynamic
../Core/Src/dynamixel.c:154:6:Dynamixel_SyncRead	104	static
../Core/Src/dynamixel.c:184:16:update_crc	24	static
