../Core/Src/dynamixel.c:18:31:bus_for_id	16	static
../Core/Src/dynamixel.c:24:13:bus_begin	24	static
../Core/Src/dynamixel.c:32:6:Dynamixel_begin_right	24	static
../Core/Src/dynamixel.c:33:6:Dynamixel_begin_left	24	static
../Core/Src/dynamixel.c:35:6:Dynamixel_onDmaRxComplete	16	static
../Core/Src/dynamixel.c:43:20:setDirPin	16	static
../Core/Src/dynamixel.c:47:6:Dynamixel_setDirPin	16	static
../Core/Src/dynamixel.c:54:6:Dynamixel_transmitPacket	336	static
../Core/Src/dynamixel.c:92:6:Dynamixel_receiveStatusPacket	32	static
../Core/Src/dynamixel.c:110:6:Dynamixel_readByte	48	static
../Core/Src/dynamixel.c:122:6:Dynamixel_write	64	dynamic
../Core/Src/dynamixel.c:129:6:Dynamixel_torqueOn	24	static
../Core/Src/dynamixel.c:130:6:Dynamixel_setOperatingMode	16	static
../Core/Src/dynamixel.c:132:9:Dynamixel_getPresentPosition	40	static
../Core/Src/dynamixel.c:142:6:Dynamixel_SyncWrite	192	dynamic
../Core/Src/dynamixel.c:188:6:Dynamixel_SyncRead	104	static
../Core/Src/dynamixel.c:218:16:update_crc	24	static
